Archive member included because of file (symbol)

/home/michael/pebble-dev/PebbleSDK-2.0.0/Pebble/lib/libpebble.a(tmpHP0PEBpebble.o)
                              src/pebbrawl.c.7.o (accel_data_service_unsubscribe)

Discarded input sections

 .text          0x00000000        0x0 /home/michael/pebble-dev/PebbleSDK-2.0.0/arm-cs-tools/bin/../lib/gcc/arm-none-eabi/4.7.3/thumb2/crti.o
 .bss           0x00000000        0x0 /home/michael/pebble-dev/PebbleSDK-2.0.0/arm-cs-tools/bin/../lib/gcc/arm-none-eabi/4.7.3/thumb2/crti.o
 .init          0x00000000        0x4 /home/michael/pebble-dev/PebbleSDK-2.0.0/arm-cs-tools/bin/../lib/gcc/arm-none-eabi/4.7.3/thumb2/crti.o
 .fini          0x00000000        0x4 /home/michael/pebble-dev/PebbleSDK-2.0.0/arm-cs-tools/bin/../lib/gcc/arm-none-eabi/4.7.3/thumb2/crti.o
 .text          0x00000000       0xc8 /home/michael/pebble-dev/PebbleSDK-2.0.0/arm-cs-tools/bin/../lib/gcc/arm-none-eabi/4.7.3/thumb2/crtbegin.o
 .bss           0x00000000       0x1c /home/michael/pebble-dev/PebbleSDK-2.0.0/arm-cs-tools/bin/../lib/gcc/arm-none-eabi/4.7.3/thumb2/crtbegin.o
 .init_array    0x00000000        0x4 /home/michael/pebble-dev/PebbleSDK-2.0.0/arm-cs-tools/bin/../lib/gcc/arm-none-eabi/4.7.3/thumb2/crtbegin.o
 .fini_array    0x00000000        0x4 /home/michael/pebble-dev/PebbleSDK-2.0.0/arm-cs-tools/bin/../lib/gcc/arm-none-eabi/4.7.3/thumb2/crtbegin.o
 .eh_frame      0x00000000        0x0 /home/michael/pebble-dev/PebbleSDK-2.0.0/arm-cs-tools/bin/../lib/gcc/arm-none-eabi/4.7.3/thumb2/crtbegin.o
 .jcr           0x00000000        0x0 /home/michael/pebble-dev/PebbleSDK-2.0.0/arm-cs-tools/bin/../lib/gcc/arm-none-eabi/4.7.3/thumb2/crtbegin.o
 .tm_clone_table
                0x00000000        0x0 /home/michael/pebble-dev/PebbleSDK-2.0.0/arm-cs-tools/bin/../lib/gcc/arm-none-eabi/4.7.3/thumb2/crtbegin.o
 .text          0x00000000        0x0 src/pebbrawl.c.7.o
 .bss           0x00000000        0x0 src/pebbrawl.c.7.o
 .data.state    0x00000000        0x1 src/pebbrawl.c.7.o
 .text          0x00000000        0x0 appinfo.auto.c.7.o
 .bss           0x00000000        0x0 appinfo.auto.c.7.o
 .bss           0x00000000        0x0 /home/michael/pebble-dev/PebbleSDK-2.0.0/Pebble/lib/libpebble.a(tmpHP0PEBpebble.o)
 .text.accel_data_service_subscribe__deprecated
                0x00000000        0xc /home/michael/pebble-dev/PebbleSDK-2.0.0/Pebble/lib/libpebble.a(tmpHP0PEBpebble.o)
 .text.accel_service_peek
                0x00000000        0xc /home/michael/pebble-dev/PebbleSDK-2.0.0/Pebble/lib/libpebble.a(tmpHP0PEBpebble.o)
 .text.accel_service_set_samples_per_update
                0x00000000        0xc /home/michael/pebble-dev/PebbleSDK-2.0.0/Pebble/lib/libpebble.a(tmpHP0PEBpebble.o)
 .text.accel_tap_service_subscribe
                0x00000000        0xc /home/michael/pebble-dev/PebbleSDK-2.0.0/Pebble/lib/libpebble.a(tmpHP0PEBpebble.o)
 .text.accel_tap_service_unsubscribe
                0x00000000        0xc /home/michael/pebble-dev/PebbleSDK-2.0.0/Pebble/lib/libpebble.a(tmpHP0PEBpebble.o)
 .text.action_bar_layer_add_to_window
                0x00000000        0xc /home/michael/pebble-dev/PebbleSDK-2.0.0/Pebble/lib/libpebble.a(tmpHP0PEBpebble.o)
 .text.action_bar_layer_clear_icon
                0x00000000        0xc /home/michael/pebble-dev/PebbleSDK-2.0.0/Pebble/lib/libpebble.a(tmpHP0PEBpebble.o)
 .text.action_bar_layer_create
                0x00000000        0xc /home/michael/pebble-dev/PebbleSDK-2.0.0/Pebble/lib/libpebble.a(tmpHP0PEBpebble.o)
 .text.action_bar_layer_destroy
                0x00000000        0xc /home/michael/pebble-dev/PebbleSDK-2.0.0/Pebble/lib/libpebble.a(tmpHP0PEBpebble.o)
 .text.action_bar_layer_get_layer
                0x00000000        0xc /home/michael/pebble-dev/PebbleSDK-2.0.0/Pebble/lib/libpebble.a(tmpHP0PEBpebble.o)
 .text.action_bar_layer_remove_from_window
                0x00000000        0xc /home/michael/pebble-dev/PebbleSDK-2.0.0/Pebble/lib/libpebble.a(tmpHP0PEBpebble.o)
 .text.action_bar_layer_set_background_color
                0x00000000        0xc /home/michael/pebble-dev/PebbleSDK-2.0.0/Pebble/lib/libpebble.a(tmpHP0PEBpebble.o)
 .text.action_bar_layer_set_click_config_provider
                0x00000000        0xc /home/michael/pebble-dev/PebbleSDK-2.0.0/Pebble/lib/libpebble.a(tmpHP0PEBpebble.o)
 .text.action_bar_layer_set_context
                0x00000000        0xc /home/michael/pebble-dev/PebbleSDK-2.0.0/Pebble/lib/libpebble.a(tmpHP0PEBpebble.o)
 .text.action_bar_layer_set_icon
                0x00000000        0xc /home/michael/pebble-dev/PebbleSDK-2.0.0/Pebble/lib/libpebble.a(tmpHP0PEBpebble.o)
 .text.animation_create
                0x00000000        0xc /home/michael/pebble-dev/PebbleSDK-2.0.0/Pebble/lib/libpebble.a(tmpHP0PEBpebble.o)
 .text.animation_destroy
                0x00000000        0xc /home/michael/pebble-dev/PebbleSDK-2.0.0/Pebble/lib/libpebble.a(tmpHP0PEBpebble.o)
 .text.animation_get_context
                0x00000000        0xc /home/michael/pebble-dev/PebbleSDK-2.0.0/Pebble/lib/libpebble.a(tmpHP0PEBpebble.o)
 .text.animation_is_scheduled
                0x00000000        0xc /home/michael/pebble-dev/PebbleSDK-2.0.0/Pebble/lib/libpebble.a(tmpHP0PEBpebble.o)
 .text.animation_schedule
                0x00000000        0xc /home/michael/pebble-dev/PebbleSDK-2.0.0/Pebble/lib/libpebble.a(tmpHP0PEBpebble.o)
 .text.animation_set_curve
                0x00000000        0xc /home/michael/pebble-dev/PebbleSDK-2.0.0/Pebble/lib/libpebble.a(tmpHP0PEBpebble.o)
 .text.animation_set_delay
                0x00000000        0xc /home/michael/pebble-dev/PebbleSDK-2.0.0/Pebble/lib/libpebble.a(tmpHP0PEBpebble.o)
 .text.animation_set_duration
                0x00000000        0xc /home/michael/pebble-dev/PebbleSDK-2.0.0/Pebble/lib/libpebble.a(tmpHP0PEBpebble.o)
 .text.animation_set_handlers
                0x00000000        0xc /home/michael/pebble-dev/PebbleSDK-2.0.0/Pebble/lib/libpebble.a(tmpHP0PEBpebble.o)
 .text.animation_set_implementation
                0x00000000        0xc /home/michael/pebble-dev/PebbleSDK-2.0.0/Pebble/lib/libpebble.a(tmpHP0PEBpebble.o)
 .text.animation_unschedule
                0x00000000        0xc /home/michael/pebble-dev/PebbleSDK-2.0.0/Pebble/lib/libpebble.a(tmpHP0PEBpebble.o)
 .text.animation_unschedule_all
                0x00000000        0xc /home/michael/pebble-dev/PebbleSDK-2.0.0/Pebble/lib/libpebble.a(tmpHP0PEBpebble.o)
 .text.app_comm_get_sniff_interval
                0x00000000        0xc /home/michael/pebble-dev/PebbleSDK-2.0.0/Pebble/lib/libpebble.a(tmpHP0PEBpebble.o)
 .text.app_comm_set_sniff_interval
                0x00000000        0xc /home/michael/pebble-dev/PebbleSDK-2.0.0/Pebble/lib/libpebble.a(tmpHP0PEBpebble.o)
 .text.app_message_deregister_callbacks
                0x00000000        0xc /home/michael/pebble-dev/PebbleSDK-2.0.0/Pebble/lib/libpebble.a(tmpHP0PEBpebble.o)
 .text.app_message_open
                0x00000000        0xc /home/michael/pebble-dev/PebbleSDK-2.0.0/Pebble/lib/libpebble.a(tmpHP0PEBpebble.o)
 .text.app_sync_deinit
                0x00000000        0xc /home/michael/pebble-dev/PebbleSDK-2.0.0/Pebble/lib/libpebble.a(tmpHP0PEBpebble.o)
 .text.app_sync_get
                0x00000000        0xc /home/michael/pebble-dev/PebbleSDK-2.0.0/Pebble/lib/libpebble.a(tmpHP0PEBpebble.o)
 .text.app_sync_init
                0x00000000        0xc /home/michael/pebble-dev/PebbleSDK-2.0.0/Pebble/lib/libpebble.a(tmpHP0PEBpebble.o)
 .text.app_sync_set
                0x00000000        0xc /home/michael/pebble-dev/PebbleSDK-2.0.0/Pebble/lib/libpebble.a(tmpHP0PEBpebble.o)
 .text.app_timer_cancel
                0x00000000        0xc /home/michael/pebble-dev/PebbleSDK-2.0.0/Pebble/lib/libpebble.a(tmpHP0PEBpebble.o)
 .text.app_timer_register
                0x00000000        0xc /home/michael/pebble-dev/PebbleSDK-2.0.0/Pebble/lib/libpebble.a(tmpHP0PEBpebble.o)
 .text.app_timer_reschedule
                0x00000000        0xc /home/michael/pebble-dev/PebbleSDK-2.0.0/Pebble/lib/libpebble.a(tmpHP0PEBpebble.o)
 .text.atan2_lookup
                0x00000000        0xc /home/michael/pebble-dev/PebbleSDK-2.0.0/Pebble/lib/libpebble.a(tmpHP0PEBpebble.o)
 .text.atoi     0x00000000        0xc /home/michael/pebble-dev/PebbleSDK-2.0.0/Pebble/lib/libpebble.a(tmpHP0PEBpebble.o)
 .text.atol     0x00000000        0xc /home/michael/pebble-dev/PebbleSDK-2.0.0/Pebble/lib/libpebble.a(tmpHP0PEBpebble.o)
 .text.battery_state_service_peek
                0x00000000        0xc /home/michael/pebble-dev/PebbleSDK-2.0.0/Pebble/lib/libpebble.a(tmpHP0PEBpebble.o)
 .text.battery_state_service_subscribe
                0x00000000        0xc /home/michael/pebble-dev/PebbleSDK-2.0.0/Pebble/lib/libpebble.a(tmpHP0PEBpebble.o)
 .text.battery_state_service_unsubscribe
                0x00000000        0xc /home/michael/pebble-dev/PebbleSDK-2.0.0/Pebble/lib/libpebble.a(tmpHP0PEBpebble.o)
 .text.bitmap_layer_create
                0x00000000        0xc /home/michael/pebble-dev/PebbleSDK-2.0.0/Pebble/lib/libpebble.a(tmpHP0PEBpebble.o)
 .text.bitmap_layer_destroy
                0x00000000        0xc /home/michael/pebble-dev/PebbleSDK-2.0.0/Pebble/lib/libpebble.a(tmpHP0PEBpebble.o)
 .text.bitmap_layer_get_layer
                0x00000000        0xc /home/michael/pebble-dev/PebbleSDK-2.0.0/Pebble/lib/libpebble.a(tmpHP0PEBpebble.o)
 .text.bitmap_layer_set_alignment
                0x00000000        0xc /home/michael/pebble-dev/PebbleSDK-2.0.0/Pebble/lib/libpebble.a(tmpHP0PEBpebble.o)
 .text.bitmap_layer_set_background_color
                0x00000000        0xc /home/michael/pebble-dev/PebbleSDK-2.0.0/Pebble/lib/libpebble.a(tmpHP0PEBpebble.o)
 .text.bitmap_layer_set_bitmap
                0x00000000        0xc /home/michael/pebble-dev/PebbleSDK-2.0.0/Pebble/lib/libpebble.a(tmpHP0PEBpebble.o)
 .text.bitmap_layer_set_compositing_mode
                0x00000000        0xc /home/michael/pebble-dev/PebbleSDK-2.0.0/Pebble/lib/libpebble.a(tmpHP0PEBpebble.o)
 .text.bluetooth_connection_service_peek
                0x00000000        0xc /home/michael/pebble-dev/PebbleSDK-2.0.0/Pebble/lib/libpebble.a(tmpHP0PEBpebble.o)
 .text.bluetooth_connection_service_subscribe
                0x00000000        0xc /home/michael/pebble-dev/PebbleSDK-2.0.0/Pebble/lib/libpebble.a(tmpHP0PEBpebble.o)
 .text.bluetooth_connection_service_unsubscribe
                0x00000000        0xc /home/michael/pebble-dev/PebbleSDK-2.0.0/Pebble/lib/libpebble.a(tmpHP0PEBpebble.o)
 .text.click_number_of_clicks_counted
                0x00000000        0xc /home/michael/pebble-dev/PebbleSDK-2.0.0/Pebble/lib/libpebble.a(tmpHP0PEBpebble.o)
 .text.click_recognizer_get_button_id
                0x00000000        0xc /home/michael/pebble-dev/PebbleSDK-2.0.0/Pebble/lib/libpebble.a(tmpHP0PEBpebble.o)
 .text.clock_copy_time_string
                0x00000000        0xc /home/michael/pebble-dev/PebbleSDK-2.0.0/Pebble/lib/libpebble.a(tmpHP0PEBpebble.o)
 .text.clock_is_24h_style
                0x00000000        0xc /home/michael/pebble-dev/PebbleSDK-2.0.0/Pebble/lib/libpebble.a(tmpHP0PEBpebble.o)
 .text.cos_lookup
                0x00000000        0xc /home/michael/pebble-dev/PebbleSDK-2.0.0/Pebble/lib/libpebble.a(tmpHP0PEBpebble.o)
 .text.data_logging_create
                0x00000000        0xc /home/michael/pebble-dev/PebbleSDK-2.0.0/Pebble/lib/libpebble.a(tmpHP0PEBpebble.o)
 .text.data_logging_finish
                0x00000000        0xc /home/michael/pebble-dev/PebbleSDK-2.0.0/Pebble/lib/libpebble.a(tmpHP0PEBpebble.o)
 .text.data_logging_log
                0x00000000        0xc /home/michael/pebble-dev/PebbleSDK-2.0.0/Pebble/lib/libpebble.a(tmpHP0PEBpebble.o)
 .text.dict_calc_buffer_size
                0x00000000        0xc /home/michael/pebble-dev/PebbleSDK-2.0.0/Pebble/lib/libpebble.a(tmpHP0PEBpebble.o)
 .text.dict_calc_buffer_size_from_tuplets
                0x00000000        0xc /home/michael/pebble-dev/PebbleSDK-2.0.0/Pebble/lib/libpebble.a(tmpHP0PEBpebble.o)
 .text.dict_find
                0x00000000        0xc /home/michael/pebble-dev/PebbleSDK-2.0.0/Pebble/lib/libpebble.a(tmpHP0PEBpebble.o)
 .text.dict_merge
                0x00000000        0xc /home/michael/pebble-dev/PebbleSDK-2.0.0/Pebble/lib/libpebble.a(tmpHP0PEBpebble.o)
 .text.dict_read_begin_from_buffer
                0x00000000        0xc /home/michael/pebble-dev/PebbleSDK-2.0.0/Pebble/lib/libpebble.a(tmpHP0PEBpebble.o)
 .text.dict_read_first
                0x00000000        0xc /home/michael/pebble-dev/PebbleSDK-2.0.0/Pebble/lib/libpebble.a(tmpHP0PEBpebble.o)
 .text.dict_read_next
                0x00000000        0xc /home/michael/pebble-dev/PebbleSDK-2.0.0/Pebble/lib/libpebble.a(tmpHP0PEBpebble.o)
 .text.dict_serialize_tuplets
                0x00000000        0xc /home/michael/pebble-dev/PebbleSDK-2.0.0/Pebble/lib/libpebble.a(tmpHP0PEBpebble.o)
 .text.dict_serialize_tuplets_to_buffer__deprecated
                0x00000000        0xc /home/michael/pebble-dev/PebbleSDK-2.0.0/Pebble/lib/libpebble.a(tmpHP0PEBpebble.o)
 .text.dict_serialize_tuplets_to_buffer_with_iter
                0x00000000        0xc /home/michael/pebble-dev/PebbleSDK-2.0.0/Pebble/lib/libpebble.a(tmpHP0PEBpebble.o)
 .text.dict_write_begin
                0x00000000        0xc /home/michael/pebble-dev/PebbleSDK-2.0.0/Pebble/lib/libpebble.a(tmpHP0PEBpebble.o)
 .text.dict_write_cstring
                0x00000000        0xc /home/michael/pebble-dev/PebbleSDK-2.0.0/Pebble/lib/libpebble.a(tmpHP0PEBpebble.o)
 .text.dict_write_data
                0x00000000        0xc /home/michael/pebble-dev/PebbleSDK-2.0.0/Pebble/lib/libpebble.a(tmpHP0PEBpebble.o)
 .text.dict_write_end
                0x00000000        0xc /home/michael/pebble-dev/PebbleSDK-2.0.0/Pebble/lib/libpebble.a(tmpHP0PEBpebble.o)
 .text.dict_write_int
                0x00000000        0xc /home/michael/pebble-dev/PebbleSDK-2.0.0/Pebble/lib/libpebble.a(tmpHP0PEBpebble.o)
 .text.dict_write_int16
                0x00000000        0xc /home/michael/pebble-dev/PebbleSDK-2.0.0/Pebble/lib/libpebble.a(tmpHP0PEBpebble.o)
 .text.dict_write_int32
                0x00000000        0xc /home/michael/pebble-dev/PebbleSDK-2.0.0/Pebble/lib/libpebble.a(tmpHP0PEBpebble.o)
 .text.dict_write_int8
                0x00000000        0xc /home/michael/pebble-dev/PebbleSDK-2.0.0/Pebble/lib/libpebble.a(tmpHP0PEBpebble.o)
 .text.dict_write_tuplet
                0x00000000        0xc /home/michael/pebble-dev/PebbleSDK-2.0.0/Pebble/lib/libpebble.a(tmpHP0PEBpebble.o)
 .text.dict_write_uint16
                0x00000000        0xc /home/michael/pebble-dev/PebbleSDK-2.0.0/Pebble/lib/libpebble.a(tmpHP0PEBpebble.o)
 .text.dict_write_uint32
                0x00000000        0xc /home/michael/pebble-dev/PebbleSDK-2.0.0/Pebble/lib/libpebble.a(tmpHP0PEBpebble.o)
 .text.dict_write_uint8
                0x00000000        0xc /home/michael/pebble-dev/PebbleSDK-2.0.0/Pebble/lib/libpebble.a(tmpHP0PEBpebble.o)
 .text.fonts_get_system_font
                0x00000000        0xc /home/michael/pebble-dev/PebbleSDK-2.0.0/Pebble/lib/libpebble.a(tmpHP0PEBpebble.o)
 .text.fonts_load_custom_font
                0x00000000        0xc /home/michael/pebble-dev/PebbleSDK-2.0.0/Pebble/lib/libpebble.a(tmpHP0PEBpebble.o)
 .text.fonts_unload_custom_font
                0x00000000        0xc /home/michael/pebble-dev/PebbleSDK-2.0.0/Pebble/lib/libpebble.a(tmpHP0PEBpebble.o)
 .text.free     0x00000000        0xc /home/michael/pebble-dev/PebbleSDK-2.0.0/Pebble/lib/libpebble.a(tmpHP0PEBpebble.o)
 .text.gbitmap_create_as_sub_bitmap
                0x00000000        0xc /home/michael/pebble-dev/PebbleSDK-2.0.0/Pebble/lib/libpebble.a(tmpHP0PEBpebble.o)
 .text.gbitmap_create_with_data
                0x00000000        0xc /home/michael/pebble-dev/PebbleSDK-2.0.0/Pebble/lib/libpebble.a(tmpHP0PEBpebble.o)
 .text.gbitmap_create_with_resource
                0x00000000        0xc /home/michael/pebble-dev/PebbleSDK-2.0.0/Pebble/lib/libpebble.a(tmpHP0PEBpebble.o)
 .text.gbitmap_destroy
                0x00000000        0xc /home/michael/pebble-dev/PebbleSDK-2.0.0/Pebble/lib/libpebble.a(tmpHP0PEBpebble.o)
 .text.gmtime   0x00000000        0xc /home/michael/pebble-dev/PebbleSDK-2.0.0/Pebble/lib/libpebble.a(tmpHP0PEBpebble.o)
 .text.gpath_create
                0x00000000        0xc /home/michael/pebble-dev/PebbleSDK-2.0.0/Pebble/lib/libpebble.a(tmpHP0PEBpebble.o)
 .text.gpath_destroy
                0x00000000        0xc /home/michael/pebble-dev/PebbleSDK-2.0.0/Pebble/lib/libpebble.a(tmpHP0PEBpebble.o)
 .text.gpath_draw_filled
                0x00000000        0xc /home/michael/pebble-dev/PebbleSDK-2.0.0/Pebble/lib/libpebble.a(tmpHP0PEBpebble.o)
 .text.gpath_draw_outline
                0x00000000        0xc /home/michael/pebble-dev/PebbleSDK-2.0.0/Pebble/lib/libpebble.a(tmpHP0PEBpebble.o)
 .text.gpath_move_to
                0x00000000        0xc /home/michael/pebble-dev/PebbleSDK-2.0.0/Pebble/lib/libpebble.a(tmpHP0PEBpebble.o)
 .text.gpath_rotate_to
                0x00000000        0xc /home/michael/pebble-dev/PebbleSDK-2.0.0/Pebble/lib/libpebble.a(tmpHP0PEBpebble.o)
 .text.gpoint_equal
                0x00000000        0xc /home/michael/pebble-dev/PebbleSDK-2.0.0/Pebble/lib/libpebble.a(tmpHP0PEBpebble.o)
 .text.graphics_context_set_compositing_mode
                0x00000000        0xc /home/michael/pebble-dev/PebbleSDK-2.0.0/Pebble/lib/libpebble.a(tmpHP0PEBpebble.o)
 .text.graphics_context_set_fill_color
                0x00000000        0xc /home/michael/pebble-dev/PebbleSDK-2.0.0/Pebble/lib/libpebble.a(tmpHP0PEBpebble.o)
 .text.graphics_context_set_stroke_color
                0x00000000        0xc /home/michael/pebble-dev/PebbleSDK-2.0.0/Pebble/lib/libpebble.a(tmpHP0PEBpebble.o)
 .text.graphics_context_set_text_color
                0x00000000        0xc /home/michael/pebble-dev/PebbleSDK-2.0.0/Pebble/lib/libpebble.a(tmpHP0PEBpebble.o)
 .text.graphics_draw_bitmap_in_rect
                0x00000000        0xc /home/michael/pebble-dev/PebbleSDK-2.0.0/Pebble/lib/libpebble.a(tmpHP0PEBpebble.o)
 .text.graphics_draw_circle
                0x00000000        0xc /home/michael/pebble-dev/PebbleSDK-2.0.0/Pebble/lib/libpebble.a(tmpHP0PEBpebble.o)
 .text.graphics_draw_line
                0x00000000        0xc /home/michael/pebble-dev/PebbleSDK-2.0.0/Pebble/lib/libpebble.a(tmpHP0PEBpebble.o)
 .text.graphics_draw_pixel
                0x00000000        0xc /home/michael/pebble-dev/PebbleSDK-2.0.0/Pebble/lib/libpebble.a(tmpHP0PEBpebble.o)
 .text.graphics_draw_rect
                0x00000000        0xc /home/michael/pebble-dev/PebbleSDK-2.0.0/Pebble/lib/libpebble.a(tmpHP0PEBpebble.o)
 .text.graphics_draw_round_rect
                0x00000000        0xc /home/michael/pebble-dev/PebbleSDK-2.0.0/Pebble/lib/libpebble.a(tmpHP0PEBpebble.o)
 .text.graphics_fill_circle
                0x00000000        0xc /home/michael/pebble-dev/PebbleSDK-2.0.0/Pebble/lib/libpebble.a(tmpHP0PEBpebble.o)
 .text.graphics_fill_rect
                0x00000000        0xc /home/michael/pebble-dev/PebbleSDK-2.0.0/Pebble/lib/libpebble.a(tmpHP0PEBpebble.o)
 .text.graphics_text_layout_get_max_used_size
                0x00000000        0xc /home/michael/pebble-dev/PebbleSDK-2.0.0/Pebble/lib/libpebble.a(tmpHP0PEBpebble.o)
 .text.grect_align
                0x00000000        0xc /home/michael/pebble-dev/PebbleSDK-2.0.0/Pebble/lib/libpebble.a(tmpHP0PEBpebble.o)
 .text.grect_center_point
                0x00000000        0xc /home/michael/pebble-dev/PebbleSDK-2.0.0/Pebble/lib/libpebble.a(tmpHP0PEBpebble.o)
 .text.grect_clip
                0x00000000        0xc /home/michael/pebble-dev/PebbleSDK-2.0.0/Pebble/lib/libpebble.a(tmpHP0PEBpebble.o)
 .text.grect_contains_point
                0x00000000        0xc /home/michael/pebble-dev/PebbleSDK-2.0.0/Pebble/lib/libpebble.a(tmpHP0PEBpebble.o)
 .text.grect_crop
                0x00000000        0xc /home/michael/pebble-dev/PebbleSDK-2.0.0/Pebble/lib/libpebble.a(tmpHP0PEBpebble.o)
 .text.grect_equal
                0x00000000        0xc /home/michael/pebble-dev/PebbleSDK-2.0.0/Pebble/lib/libpebble.a(tmpHP0PEBpebble.o)
 .text.grect_is_empty
                0x00000000        0xc /home/michael/pebble-dev/PebbleSDK-2.0.0/Pebble/lib/libpebble.a(tmpHP0PEBpebble.o)
 .text.grect_standardize
                0x00000000        0xc /home/michael/pebble-dev/PebbleSDK-2.0.0/Pebble/lib/libpebble.a(tmpHP0PEBpebble.o)
 .text.gsize_equal
                0x00000000        0xc /home/michael/pebble-dev/PebbleSDK-2.0.0/Pebble/lib/libpebble.a(tmpHP0PEBpebble.o)
 .text.inverter_layer_create
                0x00000000        0xc /home/michael/pebble-dev/PebbleSDK-2.0.0/Pebble/lib/libpebble.a(tmpHP0PEBpebble.o)
 .text.inverter_layer_destroy
                0x00000000        0xc /home/michael/pebble-dev/PebbleSDK-2.0.0/Pebble/lib/libpebble.a(tmpHP0PEBpebble.o)
 .text.inverter_layer_get_layer
                0x00000000        0xc /home/michael/pebble-dev/PebbleSDK-2.0.0/Pebble/lib/libpebble.a(tmpHP0PEBpebble.o)
 .text.layer_create
                0x00000000        0xc /home/michael/pebble-dev/PebbleSDK-2.0.0/Pebble/lib/libpebble.a(tmpHP0PEBpebble.o)
 .text.layer_create_with_data
                0x00000000        0xc /home/michael/pebble-dev/PebbleSDK-2.0.0/Pebble/lib/libpebble.a(tmpHP0PEBpebble.o)
 .text.layer_destroy
                0x00000000        0xc /home/michael/pebble-dev/PebbleSDK-2.0.0/Pebble/lib/libpebble.a(tmpHP0PEBpebble.o)
 .text.layer_get_clips
                0x00000000        0xc /home/michael/pebble-dev/PebbleSDK-2.0.0/Pebble/lib/libpebble.a(tmpHP0PEBpebble.o)
 .text.layer_get_data
                0x00000000        0xc /home/michael/pebble-dev/PebbleSDK-2.0.0/Pebble/lib/libpebble.a(tmpHP0PEBpebble.o)
 .text.layer_get_frame
                0x00000000        0xc /home/michael/pebble-dev/PebbleSDK-2.0.0/Pebble/lib/libpebble.a(tmpHP0PEBpebble.o)
 .text.layer_get_hidden
                0x00000000        0xc /home/michael/pebble-dev/PebbleSDK-2.0.0/Pebble/lib/libpebble.a(tmpHP0PEBpebble.o)
 .text.layer_get_window
                0x00000000        0xc /home/michael/pebble-dev/PebbleSDK-2.0.0/Pebble/lib/libpebble.a(tmpHP0PEBpebble.o)
 .text.layer_insert_above_sibling
                0x00000000        0xc /home/michael/pebble-dev/PebbleSDK-2.0.0/Pebble/lib/libpebble.a(tmpHP0PEBpebble.o)
 .text.layer_insert_below_sibling
                0x00000000        0xc /home/michael/pebble-dev/PebbleSDK-2.0.0/Pebble/lib/libpebble.a(tmpHP0PEBpebble.o)
 .text.layer_mark_dirty
                0x00000000        0xc /home/michael/pebble-dev/PebbleSDK-2.0.0/Pebble/lib/libpebble.a(tmpHP0PEBpebble.o)
 .text.layer_remove_child_layers
                0x00000000        0xc /home/michael/pebble-dev/PebbleSDK-2.0.0/Pebble/lib/libpebble.a(tmpHP0PEBpebble.o)
 .text.layer_remove_from_parent
                0x00000000        0xc /home/michael/pebble-dev/PebbleSDK-2.0.0/Pebble/lib/libpebble.a(tmpHP0PEBpebble.o)
 .text.layer_set_bounds
                0x00000000        0xc /home/michael/pebble-dev/PebbleSDK-2.0.0/Pebble/lib/libpebble.a(tmpHP0PEBpebble.o)
 .text.layer_set_clips
                0x00000000        0xc /home/michael/pebble-dev/PebbleSDK-2.0.0/Pebble/lib/libpebble.a(tmpHP0PEBpebble.o)
 .text.layer_set_frame
                0x00000000        0xc /home/michael/pebble-dev/PebbleSDK-2.0.0/Pebble/lib/libpebble.a(tmpHP0PEBpebble.o)
 .text.layer_set_hidden
                0x00000000        0xc /home/michael/pebble-dev/PebbleSDK-2.0.0/Pebble/lib/libpebble.a(tmpHP0PEBpebble.o)
 .text.layer_set_update_proc
                0x00000000        0xc /home/michael/pebble-dev/PebbleSDK-2.0.0/Pebble/lib/libpebble.a(tmpHP0PEBpebble.o)
 .text.light_enable
                0x00000000        0xc /home/michael/pebble-dev/PebbleSDK-2.0.0/Pebble/lib/libpebble.a(tmpHP0PEBpebble.o)
 .text.light_enable_interaction
                0x00000000        0xc /home/michael/pebble-dev/PebbleSDK-2.0.0/Pebble/lib/libpebble.a(tmpHP0PEBpebble.o)
 .text.localtime
                0x00000000        0xc /home/michael/pebble-dev/PebbleSDK-2.0.0/Pebble/lib/libpebble.a(tmpHP0PEBpebble.o)
 .text.malloc   0x00000000        0xc /home/michael/pebble-dev/PebbleSDK-2.0.0/Pebble/lib/libpebble.a(tmpHP0PEBpebble.o)
 .text.memcpy   0x00000000        0xc /home/michael/pebble-dev/PebbleSDK-2.0.0/Pebble/lib/libpebble.a(tmpHP0PEBpebble.o)
 .text.memmove  0x00000000        0xc /home/michael/pebble-dev/PebbleSDK-2.0.0/Pebble/lib/libpebble.a(tmpHP0PEBpebble.o)
 .text.menu_cell_basic_draw
                0x00000000        0xc /home/michael/pebble-dev/PebbleSDK-2.0.0/Pebble/lib/libpebble.a(tmpHP0PEBpebble.o)
 .text.menu_cell_basic_header_draw
                0x00000000        0xc /home/michael/pebble-dev/PebbleSDK-2.0.0/Pebble/lib/libpebble.a(tmpHP0PEBpebble.o)
 .text.menu_cell_title_draw
                0x00000000        0xc /home/michael/pebble-dev/PebbleSDK-2.0.0/Pebble/lib/libpebble.a(tmpHP0PEBpebble.o)
 .text.menu_index_compare
                0x00000000        0xc /home/michael/pebble-dev/PebbleSDK-2.0.0/Pebble/lib/libpebble.a(tmpHP0PEBpebble.o)
 .text.menu_layer_create
                0x00000000        0xc /home/michael/pebble-dev/PebbleSDK-2.0.0/Pebble/lib/libpebble.a(tmpHP0PEBpebble.o)
 .text.menu_layer_destroy
                0x00000000        0xc /home/michael/pebble-dev/PebbleSDK-2.0.0/Pebble/lib/libpebble.a(tmpHP0PEBpebble.o)
 .text.menu_layer_get_layer
                0x00000000        0xc /home/michael/pebble-dev/PebbleSDK-2.0.0/Pebble/lib/libpebble.a(tmpHP0PEBpebble.o)
 .text.menu_layer_get_scroll_layer
                0x00000000        0xc /home/michael/pebble-dev/PebbleSDK-2.0.0/Pebble/lib/libpebble.a(tmpHP0PEBpebble.o)
 .text.menu_layer_get_selected_index
                0x00000000        0xc /home/michael/pebble-dev/PebbleSDK-2.0.0/Pebble/lib/libpebble.a(tmpHP0PEBpebble.o)
 .text.menu_layer_reload_data
                0x00000000        0xc /home/michael/pebble-dev/PebbleSDK-2.0.0/Pebble/lib/libpebble.a(tmpHP0PEBpebble.o)
 .text.menu_layer_set_callbacks
                0x00000000        0xc /home/michael/pebble-dev/PebbleSDK-2.0.0/Pebble/lib/libpebble.a(tmpHP0PEBpebble.o)
 .text.menu_layer_set_click_config_onto_window
                0x00000000        0xc /home/michael/pebble-dev/PebbleSDK-2.0.0/Pebble/lib/libpebble.a(tmpHP0PEBpebble.o)
 .text.menu_layer_set_selected_index
                0x00000000        0xc /home/michael/pebble-dev/PebbleSDK-2.0.0/Pebble/lib/libpebble.a(tmpHP0PEBpebble.o)
 .text.menu_layer_set_selected_next
                0x00000000        0xc /home/michael/pebble-dev/PebbleSDK-2.0.0/Pebble/lib/libpebble.a(tmpHP0PEBpebble.o)
 .text.number_window_create
                0x00000000        0xc /home/michael/pebble-dev/PebbleSDK-2.0.0/Pebble/lib/libpebble.a(tmpHP0PEBpebble.o)
 .text.number_window_destroy
                0x00000000        0xc /home/michael/pebble-dev/PebbleSDK-2.0.0/Pebble/lib/libpebble.a(tmpHP0PEBpebble.o)
 .text.number_window_get_value
                0x00000000        0xc /home/michael/pebble-dev/PebbleSDK-2.0.0/Pebble/lib/libpebble.a(tmpHP0PEBpebble.o)
 .text.number_window_set_label
                0x00000000        0xc /home/michael/pebble-dev/PebbleSDK-2.0.0/Pebble/lib/libpebble.a(tmpHP0PEBpebble.o)
 .text.number_window_set_max
                0x00000000        0xc /home/michael/pebble-dev/PebbleSDK-2.0.0/Pebble/lib/libpebble.a(tmpHP0PEBpebble.o)
 .text.number_window_set_min
                0x00000000        0xc /home/michael/pebble-dev/PebbleSDK-2.0.0/Pebble/lib/libpebble.a(tmpHP0PEBpebble.o)
 .text.number_window_set_step_size
                0x00000000        0xc /home/michael/pebble-dev/PebbleSDK-2.0.0/Pebble/lib/libpebble.a(tmpHP0PEBpebble.o)
 .text.number_window_set_value
                0x00000000        0xc /home/michael/pebble-dev/PebbleSDK-2.0.0/Pebble/lib/libpebble.a(tmpHP0PEBpebble.o)
 .text.persist_delete
                0x00000000        0xc /home/michael/pebble-dev/PebbleSDK-2.0.0/Pebble/lib/libpebble.a(tmpHP0PEBpebble.o)
 .text.persist_exists
                0x00000000        0xc /home/michael/pebble-dev/PebbleSDK-2.0.0/Pebble/lib/libpebble.a(tmpHP0PEBpebble.o)
 .text.persist_get_size
                0x00000000        0xc /home/michael/pebble-dev/PebbleSDK-2.0.0/Pebble/lib/libpebble.a(tmpHP0PEBpebble.o)
 .text.persist_read_bool
                0x00000000        0xc /home/michael/pebble-dev/PebbleSDK-2.0.0/Pebble/lib/libpebble.a(tmpHP0PEBpebble.o)
 .text.persist_read_data__deprecated
                0x00000000        0xc /home/michael/pebble-dev/PebbleSDK-2.0.0/Pebble/lib/libpebble.a(tmpHP0PEBpebble.o)
 .text.persist_read_int
                0x00000000        0xc /home/michael/pebble-dev/PebbleSDK-2.0.0/Pebble/lib/libpebble.a(tmpHP0PEBpebble.o)
 .text.persist_read_string__deprecated
                0x00000000        0xc /home/michael/pebble-dev/PebbleSDK-2.0.0/Pebble/lib/libpebble.a(tmpHP0PEBpebble.o)
 .text.persist_write_bool
                0x00000000        0xc /home/michael/pebble-dev/PebbleSDK-2.0.0/Pebble/lib/libpebble.a(tmpHP0PEBpebble.o)
 .text.persist_write_data__deprecated
                0x00000000        0xc /home/michael/pebble-dev/PebbleSDK-2.0.0/Pebble/lib/libpebble.a(tmpHP0PEBpebble.o)
 .text.persist_write_int
                0x00000000        0xc /home/michael/pebble-dev/PebbleSDK-2.0.0/Pebble/lib/libpebble.a(tmpHP0PEBpebble.o)
 .text.persist_write_string
                0x00000000        0xc /home/michael/pebble-dev/PebbleSDK-2.0.0/Pebble/lib/libpebble.a(tmpHP0PEBpebble.o)
 .text.property_animation_create
                0x00000000        0xc /home/michael/pebble-dev/PebbleSDK-2.0.0/Pebble/lib/libpebble.a(tmpHP0PEBpebble.o)
 .text.property_animation_create_layer_frame
                0x00000000        0xc /home/michael/pebble-dev/PebbleSDK-2.0.0/Pebble/lib/libpebble.a(tmpHP0PEBpebble.o)
 .text.property_animation_destroy
                0x00000000        0xc /home/michael/pebble-dev/PebbleSDK-2.0.0/Pebble/lib/libpebble.a(tmpHP0PEBpebble.o)
 .text.property_animation_update_gpoint
                0x00000000        0xc /home/michael/pebble-dev/PebbleSDK-2.0.0/Pebble/lib/libpebble.a(tmpHP0PEBpebble.o)
 .text.property_animation_update_grect
                0x00000000        0xc /home/michael/pebble-dev/PebbleSDK-2.0.0/Pebble/lib/libpebble.a(tmpHP0PEBpebble.o)
 .text.property_animation_update_int16
                0x00000000        0xc /home/michael/pebble-dev/PebbleSDK-2.0.0/Pebble/lib/libpebble.a(tmpHP0PEBpebble.o)
 .text.psleep   0x00000000        0xc /home/michael/pebble-dev/PebbleSDK-2.0.0/Pebble/lib/libpebble.a(tmpHP0PEBpebble.o)
 .text.rand     0x00000000        0xc /home/michael/pebble-dev/PebbleSDK-2.0.0/Pebble/lib/libpebble.a(tmpHP0PEBpebble.o)
 .text.resource_get_handle
                0x00000000        0xc /home/michael/pebble-dev/PebbleSDK-2.0.0/Pebble/lib/libpebble.a(tmpHP0PEBpebble.o)
 .text.resource_load
                0x00000000        0xc /home/michael/pebble-dev/PebbleSDK-2.0.0/Pebble/lib/libpebble.a(tmpHP0PEBpebble.o)
 .text.resource_load_byte_range
                0x00000000        0xc /home/michael/pebble-dev/PebbleSDK-2.0.0/Pebble/lib/libpebble.a(tmpHP0PEBpebble.o)
 .text.resource_size
                0x00000000        0xc /home/michael/pebble-dev/PebbleSDK-2.0.0/Pebble/lib/libpebble.a(tmpHP0PEBpebble.o)
 .text.rot_bitmap_layer_create
                0x00000000        0xc /home/michael/pebble-dev/PebbleSDK-2.0.0/Pebble/lib/libpebble.a(tmpHP0PEBpebble.o)
 .text.rot_bitmap_layer_destroy
                0x00000000        0xc /home/michael/pebble-dev/PebbleSDK-2.0.0/Pebble/lib/libpebble.a(tmpHP0PEBpebble.o)
 .text.rot_bitmap_layer_increment_angle
                0x00000000        0xc /home/michael/pebble-dev/PebbleSDK-2.0.0/Pebble/lib/libpebble.a(tmpHP0PEBpebble.o)
 .text.rot_bitmap_layer_set_angle
                0x00000000        0xc /home/michael/pebble-dev/PebbleSDK-2.0.0/Pebble/lib/libpebble.a(tmpHP0PEBpebble.o)
 .text.rot_bitmap_layer_set_corner_clip_color
                0x00000000        0xc /home/michael/pebble-dev/PebbleSDK-2.0.0/Pebble/lib/libpebble.a(tmpHP0PEBpebble.o)
 .text.rot_bitmap_set_compositing_mode
                0x00000000        0xc /home/michael/pebble-dev/PebbleSDK-2.0.0/Pebble/lib/libpebble.a(tmpHP0PEBpebble.o)
 .text.rot_bitmap_set_src_ic
                0x00000000        0xc /home/michael/pebble-dev/PebbleSDK-2.0.0/Pebble/lib/libpebble.a(tmpHP0PEBpebble.o)
 .text.scroll_layer_add_child
                0x00000000        0xc /home/michael/pebble-dev/PebbleSDK-2.0.0/Pebble/lib/libpebble.a(tmpHP0PEBpebble.o)
 .text.scroll_layer_create
                0x00000000        0xc /home/michael/pebble-dev/PebbleSDK-2.0.0/Pebble/lib/libpebble.a(tmpHP0PEBpebble.o)
 .text.scroll_layer_destroy
                0x00000000        0xc /home/michael/pebble-dev/PebbleSDK-2.0.0/Pebble/lib/libpebble.a(tmpHP0PEBpebble.o)
 .text.scroll_layer_get_content_offset
                0x00000000        0xc /home/michael/pebble-dev/PebbleSDK-2.0.0/Pebble/lib/libpebble.a(tmpHP0PEBpebble.o)
 .text.scroll_layer_get_content_size
                0x00000000        0xc /home/michael/pebble-dev/PebbleSDK-2.0.0/Pebble/lib/libpebble.a(tmpHP0PEBpebble.o)
 .text.scroll_layer_get_layer
                0x00000000        0xc /home/michael/pebble-dev/PebbleSDK-2.0.0/Pebble/lib/libpebble.a(tmpHP0PEBpebble.o)
 .text.scroll_layer_get_shadow_hidden
                0x00000000        0xc /home/michael/pebble-dev/PebbleSDK-2.0.0/Pebble/lib/libpebble.a(tmpHP0PEBpebble.o)
 .text.scroll_layer_scroll_down_click_handler
                0x00000000        0xc /home/michael/pebble-dev/PebbleSDK-2.0.0/Pebble/lib/libpebble.a(tmpHP0PEBpebble.o)
 .text.scroll_layer_scroll_up_click_handler
                0x00000000        0xc /home/michael/pebble-dev/PebbleSDK-2.0.0/Pebble/lib/libpebble.a(tmpHP0PEBpebble.o)
 .text.scroll_layer_set_callbacks
                0x00000000        0xc /home/michael/pebble-dev/PebbleSDK-2.0.0/Pebble/lib/libpebble.a(tmpHP0PEBpebble.o)
 .text.scroll_layer_set_click_config_onto_window
                0x00000000        0xc /home/michael/pebble-dev/PebbleSDK-2.0.0/Pebble/lib/libpebble.a(tmpHP0PEBpebble.o)
 .text.scroll_layer_set_content_offset
                0x00000000        0xc /home/michael/pebble-dev/PebbleSDK-2.0.0/Pebble/lib/libpebble.a(tmpHP0PEBpebble.o)
 .text.scroll_layer_set_content_size
                0x00000000        0xc /home/michael/pebble-dev/PebbleSDK-2.0.0/Pebble/lib/libpebble.a(tmpHP0PEBpebble.o)
 .text.scroll_layer_set_context
                0x00000000        0xc /home/michael/pebble-dev/PebbleSDK-2.0.0/Pebble/lib/libpebble.a(tmpHP0PEBpebble.o)
 .text.scroll_layer_set_frame
                0x00000000        0xc /home/michael/pebble-dev/PebbleSDK-2.0.0/Pebble/lib/libpebble.a(tmpHP0PEBpebble.o)
 .text.scroll_layer_set_shadow_hidden
                0x00000000        0xc /home/michael/pebble-dev/PebbleSDK-2.0.0/Pebble/lib/libpebble.a(tmpHP0PEBpebble.o)
 .text.simple_menu_layer_create
                0x00000000        0xc /home/michael/pebble-dev/PebbleSDK-2.0.0/Pebble/lib/libpebble.a(tmpHP0PEBpebble.o)
 .text.simple_menu_layer_destroy
                0x00000000        0xc /home/michael/pebble-dev/PebbleSDK-2.0.0/Pebble/lib/libpebble.a(tmpHP0PEBpebble.o)
 .text.simple_menu_layer_get_layer
                0x00000000        0xc /home/michael/pebble-dev/PebbleSDK-2.0.0/Pebble/lib/libpebble.a(tmpHP0PEBpebble.o)
 .text.simple_menu_layer_get_selected_index
                0x00000000        0xc /home/michael/pebble-dev/PebbleSDK-2.0.0/Pebble/lib/libpebble.a(tmpHP0PEBpebble.o)
 .text.simple_menu_layer_set_selected_index
                0x00000000        0xc /home/michael/pebble-dev/PebbleSDK-2.0.0/Pebble/lib/libpebble.a(tmpHP0PEBpebble.o)
 .text.sin_lookup
                0x00000000        0xc /home/michael/pebble-dev/PebbleSDK-2.0.0/Pebble/lib/libpebble.a(tmpHP0PEBpebble.o)
 .text.snprintf
                0x00000000        0xc /home/michael/pebble-dev/PebbleSDK-2.0.0/Pebble/lib/libpebble.a(tmpHP0PEBpebble.o)
 .text.srand    0x00000000        0xc /home/michael/pebble-dev/PebbleSDK-2.0.0/Pebble/lib/libpebble.a(tmpHP0PEBpebble.o)
 .text.strcat   0x00000000        0xc /home/michael/pebble-dev/PebbleSDK-2.0.0/Pebble/lib/libpebble.a(tmpHP0PEBpebble.o)
 .text.strcmp   0x00000000        0xc /home/michael/pebble-dev/PebbleSDK-2.0.0/Pebble/lib/libpebble.a(tmpHP0PEBpebble.o)
 .text.strcpy   0x00000000        0xc /home/michael/pebble-dev/PebbleSDK-2.0.0/Pebble/lib/libpebble.a(tmpHP0PEBpebble.o)
 .text.strftime
                0x00000000        0xc /home/michael/pebble-dev/PebbleSDK-2.0.0/Pebble/lib/libpebble.a(tmpHP0PEBpebble.o)
 .text.strlen   0x00000000        0xc /home/michael/pebble-dev/PebbleSDK-2.0.0/Pebble/lib/libpebble.a(tmpHP0PEBpebble.o)
 .text.strncat  0x00000000        0xc /home/michael/pebble-dev/PebbleSDK-2.0.0/Pebble/lib/libpebble.a(tmpHP0PEBpebble.o)
 .text.strncmp  0x00000000        0xc /home/michael/pebble-dev/PebbleSDK-2.0.0/Pebble/lib/libpebble.a(tmpHP0PEBpebble.o)
 .text.strncpy  0x00000000        0xc /home/michael/pebble-dev/PebbleSDK-2.0.0/Pebble/lib/libpebble.a(tmpHP0PEBpebble.o)
 .text.text_layer_get_content_size
                0x00000000        0xc /home/michael/pebble-dev/PebbleSDK-2.0.0/Pebble/lib/libpebble.a(tmpHP0PEBpebble.o)
 .text.text_layer_get_text
                0x00000000        0xc /home/michael/pebble-dev/PebbleSDK-2.0.0/Pebble/lib/libpebble.a(tmpHP0PEBpebble.o)
 .text.text_layer_set_background_color
                0x00000000        0xc /home/michael/pebble-dev/PebbleSDK-2.0.0/Pebble/lib/libpebble.a(tmpHP0PEBpebble.o)
 .text.text_layer_set_font
                0x00000000        0xc /home/michael/pebble-dev/PebbleSDK-2.0.0/Pebble/lib/libpebble.a(tmpHP0PEBpebble.o)
 .text.text_layer_set_overflow_mode
                0x00000000        0xc /home/michael/pebble-dev/PebbleSDK-2.0.0/Pebble/lib/libpebble.a(tmpHP0PEBpebble.o)
 .text.text_layer_set_size
                0x00000000        0xc /home/michael/pebble-dev/PebbleSDK-2.0.0/Pebble/lib/libpebble.a(tmpHP0PEBpebble.o)
 .text.text_layer_set_text_color
                0x00000000        0xc /home/michael/pebble-dev/PebbleSDK-2.0.0/Pebble/lib/libpebble.a(tmpHP0PEBpebble.o)
 .text.tick_timer_service_subscribe
                0x00000000        0xc /home/michael/pebble-dev/PebbleSDK-2.0.0/Pebble/lib/libpebble.a(tmpHP0PEBpebble.o)
 .text.tick_timer_service_unsubscribe
                0x00000000        0xc /home/michael/pebble-dev/PebbleSDK-2.0.0/Pebble/lib/libpebble.a(tmpHP0PEBpebble.o)
 .text.time     0x00000000        0xc /home/michael/pebble-dev/PebbleSDK-2.0.0/Pebble/lib/libpebble.a(tmpHP0PEBpebble.o)
 .text.time_ms  0x00000000        0xc /home/michael/pebble-dev/PebbleSDK-2.0.0/Pebble/lib/libpebble.a(tmpHP0PEBpebble.o)
 .text.vibes_cancel
                0x00000000        0xc /home/michael/pebble-dev/PebbleSDK-2.0.0/Pebble/lib/libpebble.a(tmpHP0PEBpebble.o)
 .text.vibes_double_pulse
                0x00000000        0xc /home/michael/pebble-dev/PebbleSDK-2.0.0/Pebble/lib/libpebble.a(tmpHP0PEBpebble.o)
 .text.vibes_enqueue_custom_pattern
                0x00000000        0xc /home/michael/pebble-dev/PebbleSDK-2.0.0/Pebble/lib/libpebble.a(tmpHP0PEBpebble.o)
 .text.vibes_long_pulse
                0x00000000        0xc /home/michael/pebble-dev/PebbleSDK-2.0.0/Pebble/lib/libpebble.a(tmpHP0PEBpebble.o)
 .text.vibes_short_pulse
                0x00000000        0xc /home/michael/pebble-dev/PebbleSDK-2.0.0/Pebble/lib/libpebble.a(tmpHP0PEBpebble.o)
 .text.window_get_click_config_provider
                0x00000000        0xc /home/michael/pebble-dev/PebbleSDK-2.0.0/Pebble/lib/libpebble.a(tmpHP0PEBpebble.o)
 .text.window_get_fullscreen
                0x00000000        0xc /home/michael/pebble-dev/PebbleSDK-2.0.0/Pebble/lib/libpebble.a(tmpHP0PEBpebble.o)
 .text.window_is_loaded
                0x00000000        0xc /home/michael/pebble-dev/PebbleSDK-2.0.0/Pebble/lib/libpebble.a(tmpHP0PEBpebble.o)
 .text.window_set_background_color
                0x00000000        0xc /home/michael/pebble-dev/PebbleSDK-2.0.0/Pebble/lib/libpebble.a(tmpHP0PEBpebble.o)
 .text.window_set_click_config_provider_with_context
                0x00000000        0xc /home/michael/pebble-dev/PebbleSDK-2.0.0/Pebble/lib/libpebble.a(tmpHP0PEBpebble.o)
 .text.window_set_fullscreen
                0x00000000        0xc /home/michael/pebble-dev/PebbleSDK-2.0.0/Pebble/lib/libpebble.a(tmpHP0PEBpebble.o)
 .text.window_set_status_bar_icon
                0x00000000        0xc /home/michael/pebble-dev/PebbleSDK-2.0.0/Pebble/lib/libpebble.a(tmpHP0PEBpebble.o)
 .text.window_stack_contains_window
                0x00000000        0xc /home/michael/pebble-dev/PebbleSDK-2.0.0/Pebble/lib/libpebble.a(tmpHP0PEBpebble.o)
 .text.window_stack_get_top_window
                0x00000000        0xc /home/michael/pebble-dev/PebbleSDK-2.0.0/Pebble/lib/libpebble.a(tmpHP0PEBpebble.o)
 .text.window_stack_pop
                0x00000000        0xc /home/michael/pebble-dev/PebbleSDK-2.0.0/Pebble/lib/libpebble.a(tmpHP0PEBpebble.o)
 .text.window_stack_pop_all
                0x00000000        0xc /home/michael/pebble-dev/PebbleSDK-2.0.0/Pebble/lib/libpebble.a(tmpHP0PEBpebble.o)
 .text.window_stack_remove
                0x00000000        0xc /home/michael/pebble-dev/PebbleSDK-2.0.0/Pebble/lib/libpebble.a(tmpHP0PEBpebble.o)
 .text.app_focus_service_subscribe
                0x00000000        0xc /home/michael/pebble-dev/PebbleSDK-2.0.0/Pebble/lib/libpebble.a(tmpHP0PEBpebble.o)
 .text.app_focus_service_unsubscribe
                0x00000000        0xc /home/michael/pebble-dev/PebbleSDK-2.0.0/Pebble/lib/libpebble.a(tmpHP0PEBpebble.o)
 .text.window_get_user_data
                0x00000000        0xc /home/michael/pebble-dev/PebbleSDK-2.0.0/Pebble/lib/libpebble.a(tmpHP0PEBpebble.o)
 .text.window_set_user_data
                0x00000000        0xc /home/michael/pebble-dev/PebbleSDK-2.0.0/Pebble/lib/libpebble.a(tmpHP0PEBpebble.o)
 .text.app_message_get_context
                0x00000000        0xc /home/michael/pebble-dev/PebbleSDK-2.0.0/Pebble/lib/libpebble.a(tmpHP0PEBpebble.o)
 .text.app_message_inbox_size_maximum
                0x00000000        0xc /home/michael/pebble-dev/PebbleSDK-2.0.0/Pebble/lib/libpebble.a(tmpHP0PEBpebble.o)
 .text.app_message_outbox_begin
                0x00000000        0xc /home/michael/pebble-dev/PebbleSDK-2.0.0/Pebble/lib/libpebble.a(tmpHP0PEBpebble.o)
 .text.app_message_outbox_send
                0x00000000        0xc /home/michael/pebble-dev/PebbleSDK-2.0.0/Pebble/lib/libpebble.a(tmpHP0PEBpebble.o)
 .text.app_message_outbox_size_maximum
                0x00000000        0xc /home/michael/pebble-dev/PebbleSDK-2.0.0/Pebble/lib/libpebble.a(tmpHP0PEBpebble.o)
 .text.app_message_register_inbox_dropped
                0x00000000        0xc /home/michael/pebble-dev/PebbleSDK-2.0.0/Pebble/lib/libpebble.a(tmpHP0PEBpebble.o)
 .text.app_message_register_inbox_received
                0x00000000        0xc /home/michael/pebble-dev/PebbleSDK-2.0.0/Pebble/lib/libpebble.a(tmpHP0PEBpebble.o)
 .text.app_message_register_outbox_failed
                0x00000000        0xc /home/michael/pebble-dev/PebbleSDK-2.0.0/Pebble/lib/libpebble.a(tmpHP0PEBpebble.o)
 .text.app_message_register_outbox_sent
                0x00000000        0xc /home/michael/pebble-dev/PebbleSDK-2.0.0/Pebble/lib/libpebble.a(tmpHP0PEBpebble.o)
 .text.app_message_set_context
                0x00000000        0xc /home/michael/pebble-dev/PebbleSDK-2.0.0/Pebble/lib/libpebble.a(tmpHP0PEBpebble.o)
 .text.window_long_click_subscribe
                0x00000000        0xc /home/michael/pebble-dev/PebbleSDK-2.0.0/Pebble/lib/libpebble.a(tmpHP0PEBpebble.o)
 .text.window_multi_click_subscribe
                0x00000000        0xc /home/michael/pebble-dev/PebbleSDK-2.0.0/Pebble/lib/libpebble.a(tmpHP0PEBpebble.o)
 .text.window_raw_click_subscribe
                0x00000000        0xc /home/michael/pebble-dev/PebbleSDK-2.0.0/Pebble/lib/libpebble.a(tmpHP0PEBpebble.o)
 .text.window_set_click_context
                0x00000000        0xc /home/michael/pebble-dev/PebbleSDK-2.0.0/Pebble/lib/libpebble.a(tmpHP0PEBpebble.o)
 .text.window_single_repeating_click_subscribe
                0x00000000        0xc /home/michael/pebble-dev/PebbleSDK-2.0.0/Pebble/lib/libpebble.a(tmpHP0PEBpebble.o)
 .text.graphics_draw_text
                0x00000000        0xc /home/michael/pebble-dev/PebbleSDK-2.0.0/Pebble/lib/libpebble.a(tmpHP0PEBpebble.o)
 .text.dict_serialize_tuplets_to_buffer
                0x00000000        0xc /home/michael/pebble-dev/PebbleSDK-2.0.0/Pebble/lib/libpebble.a(tmpHP0PEBpebble.o)
 .text.persist_read_data
                0x00000000        0xc /home/michael/pebble-dev/PebbleSDK-2.0.0/Pebble/lib/libpebble.a(tmpHP0PEBpebble.o)
 .text.persist_read_string
                0x00000000        0xc /home/michael/pebble-dev/PebbleSDK-2.0.0/Pebble/lib/libpebble.a(tmpHP0PEBpebble.o)
 .text.persist_write_data
                0x00000000        0xc /home/michael/pebble-dev/PebbleSDK-2.0.0/Pebble/lib/libpebble.a(tmpHP0PEBpebble.o)
 .text.dict_size
                0x00000000        0xc /home/michael/pebble-dev/PebbleSDK-2.0.0/Pebble/lib/libpebble.a(tmpHP0PEBpebble.o)
 .text.graphics_text_layout_get_content_size
                0x00000000        0xc /home/michael/pebble-dev/PebbleSDK-2.0.0/Pebble/lib/libpebble.a(tmpHP0PEBpebble.o)
 .text.simple_menu_layer_get_menu_layer
                0x00000000        0xc /home/michael/pebble-dev/PebbleSDK-2.0.0/Pebble/lib/libpebble.a(tmpHP0PEBpebble.o)
 .text.calloc   0x00000000        0xc /home/michael/pebble-dev/PebbleSDK-2.0.0/Pebble/lib/libpebble.a(tmpHP0PEBpebble.o)
 .text.bitmap_layer_get_bitmap
                0x00000000        0xc /home/michael/pebble-dev/PebbleSDK-2.0.0/Pebble/lib/libpebble.a(tmpHP0PEBpebble.o)
 .text          0x00000000        0x0 /home/michael/pebble-dev/PebbleSDK-2.0.0/arm-cs-tools/bin/../lib/gcc/arm-none-eabi/4.7.3/thumb2/crtend.o
 .bss           0x00000000        0x0 /home/michael/pebble-dev/PebbleSDK-2.0.0/arm-cs-tools/bin/../lib/gcc/arm-none-eabi/4.7.3/thumb2/crtend.o
 .eh_frame      0x00000000        0x4 /home/michael/pebble-dev/PebbleSDK-2.0.0/arm-cs-tools/bin/../lib/gcc/arm-none-eabi/4.7.3/thumb2/crtend.o
 .jcr           0x00000000        0x4 /home/michael/pebble-dev/PebbleSDK-2.0.0/arm-cs-tools/bin/../lib/gcc/arm-none-eabi/4.7.3/thumb2/crtend.o
 .tm_clone_table
                0x00000000        0x0 /home/michael/pebble-dev/PebbleSDK-2.0.0/arm-cs-tools/bin/../lib/gcc/arm-none-eabi/4.7.3/thumb2/crtend.o
 .text          0x00000000        0x0 /home/michael/pebble-dev/PebbleSDK-2.0.0/arm-cs-tools/bin/../lib/gcc/arm-none-eabi/4.7.3/thumb2/crtn.o
 .bss           0x00000000        0x0 /home/michael/pebble-dev/PebbleSDK-2.0.0/arm-cs-tools/bin/../lib/gcc/arm-none-eabi/4.7.3/thumb2/crtn.o
 .init          0x00000000        0x8 /home/michael/pebble-dev/PebbleSDK-2.0.0/arm-cs-tools/bin/../lib/gcc/arm-none-eabi/4.7.3/thumb2/crtn.o
 .fini          0x00000000        0x8 /home/michael/pebble-dev/PebbleSDK-2.0.0/arm-cs-tools/bin/../lib/gcc/arm-none-eabi/4.7.3/thumb2/crtn.o

Memory Configuration

Name             Origin             Length             Attributes
APP              0x00000000         0x00006000         xrw
*default*        0x00000000         0xffffffff

Linker script and memory map

LOAD /home/michael/pebble-dev/PebbleSDK-2.0.0/arm-cs-tools/bin/../lib/gcc/arm-none-eabi/4.7.3/thumb2/crti.o
LOAD /home/michael/pebble-dev/PebbleSDK-2.0.0/arm-cs-tools/bin/../lib/gcc/arm-none-eabi/4.7.3/thumb2/crtbegin.o
LOAD src/pebbrawl.c.7.o
LOAD appinfo.auto.c.7.o
LOAD /home/michael/pebble-dev/PebbleSDK-2.0.0/Pebble/lib/libpebble.a
START GROUP
LOAD /home/michael/pebble-dev/PebbleSDK-2.0.0/arm-cs-tools/bin/../lib/gcc/arm-none-eabi/4.7.3/thumb2/libgcc.a
LOAD /home/michael/pebble-dev/PebbleSDK-2.0.0/arm-cs-tools/bin/../lib/gcc/arm-none-eabi/4.7.3/../../../../arm-none-eabi/lib/thumb2/libc.a
END GROUP
LOAD /home/michael/pebble-dev/PebbleSDK-2.0.0/arm-cs-tools/bin/../lib/gcc/arm-none-eabi/4.7.3/thumb2/crtend.o
LOAD /home/michael/pebble-dev/PebbleSDK-2.0.0/arm-cs-tools/bin/../lib/gcc/arm-none-eabi/4.7.3/thumb2/crtn.o

.header         0x00000000       0x82
 *(.pbl_header)
 .pbl_header    0x00000000       0x82 appinfo.auto.c.7.o
                0x00000000                __pbl_app_info

.text           0x00000084      0x3c6
 *(.text)
 .text          0x00000084       0x14 /home/michael/pebble-dev/PebbleSDK-2.0.0/Pebble/lib/libpebble.a(tmpHP0PEBpebble.o)
 *(.text.*)
 .text.accel_data_handler
                0x00000098       0xd4 src/pebbrawl.c.7.o
                0x00000098                accel_data_handler
 .text.window_unload
                0x0000016c       0x10 src/pebbrawl.c.7.o
 .text.down_click_handler
                0x0000017c       0x18 src/pebbrawl.c.7.o
 .text.up_click_handler
                0x00000194       0x18 src/pebbrawl.c.7.o
 .text.select_click_handler
                0x000001ac       0x18 src/pebbrawl.c.7.o
 .text.window_load
                0x000001c4       0x68 src/pebbrawl.c.7.o
 .text.click_config_provider
                0x0000022c       0x30 src/pebbrawl.c.7.o
 .text.startup.main
                0x0000025c       0x98 src/pebbrawl.c.7.o
                0x0000025c                main
 .text.accel_data_service_unsubscribe
                0x000002f4        0xc /home/michael/pebble-dev/PebbleSDK-2.0.0/Pebble/lib/libpebble.a(tmpHP0PEBpebble.o)
                0x000002f4                accel_data_service_unsubscribe
 .text.accel_service_set_sampling_rate
                0x00000300        0xc /home/michael/pebble-dev/PebbleSDK-2.0.0/Pebble/lib/libpebble.a(tmpHP0PEBpebble.o)
                0x00000300                accel_service_set_sampling_rate
 .text.app_event_loop
                0x0000030c        0xc /home/michael/pebble-dev/PebbleSDK-2.0.0/Pebble/lib/libpebble.a(tmpHP0PEBpebble.o)
                0x0000030c                app_event_loop
 .text.app_log  0x00000318        0xc /home/michael/pebble-dev/PebbleSDK-2.0.0/Pebble/lib/libpebble.a(tmpHP0PEBpebble.o)
                0x00000318                app_log
 .text.layer_add_child
                0x00000324        0xc /home/michael/pebble-dev/PebbleSDK-2.0.0/Pebble/lib/libpebble.a(tmpHP0PEBpebble.o)
                0x00000324                layer_add_child
 .text.layer_get_bounds
                0x00000330        0xc /home/michael/pebble-dev/PebbleSDK-2.0.0/Pebble/lib/libpebble.a(tmpHP0PEBpebble.o)
                0x00000330                layer_get_bounds
 .text.memset   0x0000033c        0xc /home/michael/pebble-dev/PebbleSDK-2.0.0/Pebble/lib/libpebble.a(tmpHP0PEBpebble.o)
                0x0000033c                memset
 .text.text_layer_create
                0x00000348        0xc /home/michael/pebble-dev/PebbleSDK-2.0.0/Pebble/lib/libpebble.a(tmpHP0PEBpebble.o)
                0x00000348                text_layer_create
 .text.text_layer_destroy
                0x00000354        0xc /home/michael/pebble-dev/PebbleSDK-2.0.0/Pebble/lib/libpebble.a(tmpHP0PEBpebble.o)
                0x00000354                text_layer_destroy
 .text.text_layer_get_layer
                0x00000360        0xc /home/michael/pebble-dev/PebbleSDK-2.0.0/Pebble/lib/libpebble.a(tmpHP0PEBpebble.o)
                0x00000360                text_layer_get_layer
 .text.text_layer_set_text
                0x0000036c        0xc /home/michael/pebble-dev/PebbleSDK-2.0.0/Pebble/lib/libpebble.a(tmpHP0PEBpebble.o)
                0x0000036c                text_layer_set_text
 .text.text_layer_set_text_alignment
                0x00000378        0xc /home/michael/pebble-dev/PebbleSDK-2.0.0/Pebble/lib/libpebble.a(tmpHP0PEBpebble.o)
                0x00000378                text_layer_set_text_alignment
 .text.window_create
                0x00000384        0xc /home/michael/pebble-dev/PebbleSDK-2.0.0/Pebble/lib/libpebble.a(tmpHP0PEBpebble.o)
                0x00000384                window_create
 .text.window_destroy
                0x00000390        0xc /home/michael/pebble-dev/PebbleSDK-2.0.0/Pebble/lib/libpebble.a(tmpHP0PEBpebble.o)
                0x00000390                window_destroy
 .text.window_get_root_layer
                0x0000039c        0xc /home/michael/pebble-dev/PebbleSDK-2.0.0/Pebble/lib/libpebble.a(tmpHP0PEBpebble.o)
                0x0000039c                window_get_root_layer
 .text.window_set_click_config_provider
                0x000003a8        0xc /home/michael/pebble-dev/PebbleSDK-2.0.0/Pebble/lib/libpebble.a(tmpHP0PEBpebble.o)
                0x000003a8                window_set_click_config_provider
 .text.window_set_window_handlers
                0x000003b4        0xc /home/michael/pebble-dev/PebbleSDK-2.0.0/Pebble/lib/libpebble.a(tmpHP0PEBpebble.o)
                0x000003b4                window_set_window_handlers
 .text.window_stack_push
                0x000003c0        0xc /home/michael/pebble-dev/PebbleSDK-2.0.0/Pebble/lib/libpebble.a(tmpHP0PEBpebble.o)
                0x000003c0                window_stack_push
 .text.window_single_click_subscribe
                0x000003cc        0xc /home/michael/pebble-dev/PebbleSDK-2.0.0/Pebble/lib/libpebble.a(tmpHP0PEBpebble.o)
                0x000003cc                window_single_click_subscribe
 .text.accel_data_service_subscribe
                0x000003d8        0xc /home/michael/pebble-dev/PebbleSDK-2.0.0/Pebble/lib/libpebble.a(tmpHP0PEBpebble.o)
                0x000003d8                accel_data_service_subscribe
 *(.rodata)
 *(.rodata*)
 .rodata.str1.1
                0x000003e4       0x66 src/pebbrawl.c.7.o

.glue_7         0x0000044c        0x0
 .glue_7        0x00000000        0x0 linker stubs

.glue_7t        0x0000044c        0x0
 .glue_7t       0x00000000        0x0 linker stubs

.vfp11_veneer   0x0000044c        0x0
 .vfp11_veneer  0x00000000        0x0 linker stubs

.v4_bx          0x0000044c        0x0
 .v4_bx         0x00000000        0x0 linker stubs

.iplt           0x0000044c        0x0
 .iplt          0x00000000        0x0 /home/michael/pebble-dev/PebbleSDK-2.0.0/arm-cs-tools/bin/../lib/gcc/arm-none-eabi/4.7.3/thumb2/crtbegin.o

.rel.dyn        0x0000044c        0x0
 .rel.iplt      0x00000000        0x0 /home/michael/pebble-dev/PebbleSDK-2.0.0/arm-cs-tools/bin/../lib/gcc/arm-none-eabi/4.7.3/thumb2/crtbegin.o

.data           0x0000044c        0x4
 *(.data)
 .data          0x0000044c        0x0 /home/michael/pebble-dev/PebbleSDK-2.0.0/arm-cs-tools/bin/../lib/gcc/arm-none-eabi/4.7.3/thumb2/crti.o
 .data          0x0000044c        0x4 /home/michael/pebble-dev/PebbleSDK-2.0.0/arm-cs-tools/bin/../lib/gcc/arm-none-eabi/4.7.3/thumb2/crtbegin.o
                0x0000044c                __dso_handle
 .data          0x00000450        0x0 src/pebbrawl.c.7.o
 .data          0x00000450        0x0 appinfo.auto.c.7.o
 .data          0x00000450        0x0 /home/michael/pebble-dev/PebbleSDK-2.0.0/Pebble/lib/libpebble.a(tmpHP0PEBpebble.o)
 .data          0x00000450        0x0 /home/michael/pebble-dev/PebbleSDK-2.0.0/arm-cs-tools/bin/../lib/gcc/arm-none-eabi/4.7.3/thumb2/crtend.o
 .data          0x00000450        0x0 /home/michael/pebble-dev/PebbleSDK-2.0.0/arm-cs-tools/bin/../lib/gcc/arm-none-eabi/4.7.3/thumb2/crtn.o
 *(.data.*)

.igot.plt       0x00000450        0x0
 .igot.plt      0x00000000        0x0 /home/michael/pebble-dev/PebbleSDK-2.0.0/arm-cs-tools/bin/../lib/gcc/arm-none-eabi/4.7.3/thumb2/crtbegin.o

.bss            0x00000450        0xc
 *(.bss)
 *(.bss.*)
 .bss.text_layer
                0x00000450        0x4 src/pebbrawl.c.7.o
 .bss.blockcount
                0x00000454        0x1 src/pebbrawl.c.7.o
                0x00000454                blockcount
 .bss.blockreset
                0x00000455        0x1 src/pebbrawl.c.7.o
                0x00000455                blockreset
 *fill*         0x00000456        0x2 
 .bss.window    0x00000458        0x4 src/pebbrawl.c.7.o

DISCARD
 libc.a(*)
 libm.a(*)
 libgcc.a(*)
 *(.eh_frame)
OUTPUT(/home/michael/pebble-dev/PebbleSDK-2.0.0/pebblepunch/build/pebble-app.elf elf32-littlearm)

.ARM.attributes
                0x00000000       0x27
 .ARM.attributes
                0x00000000       0x19 /home/michael/pebble-dev/PebbleSDK-2.0.0/arm-cs-tools/bin/../lib/gcc/arm-none-eabi/4.7.3/thumb2/crti.o
 .ARM.attributes
                0x00000019       0x29 /home/michael/pebble-dev/PebbleSDK-2.0.0/arm-cs-tools/bin/../lib/gcc/arm-none-eabi/4.7.3/thumb2/crtbegin.o
 .ARM.attributes
                0x00000042       0x33 src/pebbrawl.c.7.o
 .ARM.attributes
                0x00000075       0x33 appinfo.auto.c.7.o
 .ARM.attributes
                0x000000a8       0x21 /home/michael/pebble-dev/PebbleSDK-2.0.0/Pebble/lib/libpebble.a(tmpHP0PEBpebble.o)
 .ARM.attributes
                0x000000c9       0x29 /home/michael/pebble-dev/PebbleSDK-2.0.0/arm-cs-tools/bin/../lib/gcc/arm-none-eabi/4.7.3/thumb2/crtend.o
 .ARM.attributes
                0x000000f2       0x19 /home/michael/pebble-dev/PebbleSDK-2.0.0/arm-cs-tools/bin/../lib/gcc/arm-none-eabi/4.7.3/thumb2/crtn.o

.comment        0x00000000       0x4e
 .comment       0x00000000       0x4e /home/michael/pebble-dev/PebbleSDK-2.0.0/arm-cs-tools/bin/../lib/gcc/arm-none-eabi/4.7.3/thumb2/crtbegin.o
                                 0x4f (size before relaxing)
 .comment       0x00000000       0x4f src/pebbrawl.c.7.o
 .comment       0x00000000       0x4f appinfo.auto.c.7.o
 .comment       0x00000000       0x4f /home/michael/pebble-dev/PebbleSDK-2.0.0/arm-cs-tools/bin/../lib/gcc/arm-none-eabi/4.7.3/thumb2/crtend.o

.debug_info     0x00000000      0xd2b
 .debug_info    0x00000000      0x9ff src/pebbrawl.c.7.o
 .debug_info    0x000009ff      0x32c appinfo.auto.c.7.o

.debug_abbrev   0x00000000      0x345
 .debug_abbrev  0x00000000      0x291 src/pebbrawl.c.7.o
 .debug_abbrev  0x00000291       0xb4 appinfo.auto.c.7.o

.debug_loc      0x00000000      0x2c3
 .debug_loc     0x00000000      0x2c3 src/pebbrawl.c.7.o

.debug_aranges  0x00000000       0x70
 .debug_aranges
                0x00000000       0x58 src/pebbrawl.c.7.o
 .debug_aranges
                0x00000058       0x18 appinfo.auto.c.7.o

.debug_ranges   0x00000000       0x60
 .debug_ranges  0x00000000       0x60 src/pebbrawl.c.7.o

.debug_line     0x00000000      0x35b
 .debug_line    0x00000000      0x23d src/pebbrawl.c.7.o
 .debug_line    0x0000023d      0x11e appinfo.auto.c.7.o

.debug_str      0x00000000      0x721
 .debug_str     0x00000000      0x599 src/pebbrawl.c.7.o
                                0x62d (size before relaxing)
 .debug_str     0x00000599      0x188 appinfo.auto.c.7.o
                                0x295 (size before relaxing)

.debug_frame    0x00000000       0xc0
 .debug_frame   0x00000000       0xc0 src/pebbrawl.c.7.o
